2026-09-16 11:39:12,104 - INFO - Pipeline started
2026-09-16 11:39:12,105 - INFO - CSV file discovery started
2026-09-16 11:39:12,105 - INFO - Reading file: BR001_20260906_TRANSACTION.csv
2026-09-16 11:39:12,108 - INFO - File read successfully: BR001_20260906_TRANSACTION.csv
2026-09-16 11:39:12,108 - INFO - Reading file: BR002_20260906_TRANSACTION.csv
2026-09-16 11:39:12,109 - INFO - File read successfully: BR002_20260906_TRANSACTION.csv
2026-09-16 11:39:12,109 - INFO - Reading file: BR003_20260906_TRANSACTION.csv
2026-09-16 11:39:12,110 - INFO - File read successfully: BR003_20260906_TRANSACTION.csv
2026-09-16 11:39:12,110 - INFO - Reading file: BR004_20260906_TRANSACTION.csv
2026-09-16 11:39:12,111 - INFO - File read successfully: BR004_20260906_TRANSACTION.csv
2026-09-16 11:39:12,112 - INFO - Reading file: BR005_20260906_TRANSACTION.csv
2026-09-16 11:39:12,113 - INFO - File read successfully: BR005_20260906_TRANSACTION.csv
2026-09-16 11:39:12,113 - INFO - Reading file: BR006_20260906_TRANSACTION.csv
2026-09-16 11:39:12,114 - WARNING - Schema rejected: BR006_20260906_TRANSACTION.csv - Missing columns: ['currency']
2026-09-16 11:39:12,114 - INFO - Reading file: BR007_20260906_TRANSACTION.csv
2026-09-16 11:39:12,115 - INFO - File read successfully: BR007_20260906_TRANSACTION.csv
2026-09-16 11:39:12,115 - INFO - Reading file: BR008_20260906_TRANSACTION.csv
2026-09-16 11:39:12,116 - INFO - File read successfully: BR008_20260906_TRANSACTION.csv
2026-09-16 11:39:12,116 - INFO - Reading file: BR009_20260906_TRANSACTION.csv
2026-09-16 11:39:12,117 - INFO - File read successfully: BR009_20260906_TRANSACTION.csv
2026-09-16 11:39:12,117 - INFO - Reading file: BR010_20260906_TRANSACTION.csv
2026-09-16 11:39:12,118 - INFO - File read successfully: BR010_20260906_TRANSACTION.csv
2026-09-16 11:39:12,118 - INFO - Reading file: unexpected_file.csv
2026-09-16 11:39:12,119 - WARNING - Schema rejected: unexpected_file.csv - Missing columns: ['transaction_id', 'account_id', 'transaction_date', 'transaction_type', 'amount', 'currency']
2026-09-16 11:39:12,225 - INFO - Pipeline completed successfully
2026-09-16 11:44:52,104 - INFO - Pipeline started
2026-09-16 11:44:52,105 - INFO - CSV file discovery started
2026-09-16 11:44:52,105 - INFO - Reading file: BR001_20260906_TRANSACTION.csv
2026-09-16 11:44:52,108 - INFO - Reading file: BR002_20260906_TRANSACTION.csv
2026-09-16 11:44:52,111 - INFO - Reading file: BR003_20260906_TRANSACTION.csv
2026-09-16 11:44:52,115 - INFO - Reading file: BR004_20260906_TRANSACTION.csv
2026-09-16 11:44:52,116 - INFO - Reading file: BR005_20260906_TRANSACTION.csv
2026-09-16 11:44:52,116 - INFO - Reading file: BR006_20260906_TRANSACTION.csv
2026-09-16 11:44:52,118 - INFO - Reading file: BR007_20260906_TRANSACTION.csv
2026-09-16 11:44:52,119 - INFO - Reading file: BR008_20260906_TRANSACTION.csv
2026-09-16 11:44:52,132 - INFO - Reading file: BR009_20260906_TRANSACTION.csv
2026-09-16 11:44:52,137 - INFO - Reading file: BR010_20260906_TRANSACTION.csv
2026-09-16 11:44:52,144 - INFO - Reading file: unexpected_file.csv
2026-09-16 11:47:02,910 - INFO - Pipeline started
2026-09-16 11:47:02,913 - INFO - CSV file discovery started
2026-09-16 11:47:02,923 - INFO - Reading file: BR001_20260906_TRANSACTION.csv
2026-09-16 11:47:02,931 - INFO - Reading file: BR002_20260906_TRANSACTION.csv
2026-09-16 11:47:02,933 - INFO - Reading file: BR003_20260906_TRANSACTION.csv
2026-09-16 11:47:02,935 - INFO - Reading file: BR004_20260906_TRANSACTION.csv
2026-09-16 11:47:02,937 - INFO - Reading file: BR005_20260906_TRANSACTION.csv
2026-09-16 11:47:02,943 - INFO - Reading file: BR006_20260906_TRANSACTION.csv
2026-09-16 11:47:02,947 - INFO - Reading file: BR007_20260906_TRANSACTION.csv
2026-09-16 11:47:02,949 - INFO - Reading file: BR008_20260906_TRANSACTION.csv
2026-09-16 11:47:02,950 - INFO - Reading file: BR009_20260906_TRANSACTION.csv
2026-09-16 11:47:02,951 - INFO - Reading file: BR010_20260906_TRANSACTION.csv
2026-09-16 11:47:02,953 - INFO - Reading file: unexpected_file.csv
2026-09-16 11:47:02,954 - ERROR - No valid CSV files available for processing
2026-09-16 11:50:44,852 - INFO - Pipeline started
2026-09-16 11:50:44,853 - INFO - CSV file discovery started
2026-09-16 11:50:44,856 - INFO - Reading file: BR001_20260906_TRANSACTION.csv
2026-09-16 11:50:44,859 - INFO - Reading file: BR002_20260906_TRANSACTION.csv
2026-09-16 11:50:44,862 - INFO - Reading file: BR003_20260906_TRANSACTION.csv
2026-09-16 11:50:44,869 - INFO - Reading file: BR004_20260906_TRANSACTION.csv
2026-09-16 11:50:44,876 - INFO - Reading file: BR005_20260906_TRANSACTION.csv
2026-09-16 11:50:44,884 - INFO - Reading file: BR006_20260906_TRANSACTION.csv
2026-09-16 11:50:44,895 - INFO - Reading file: BR007_20260906_TRANSACTION.csv
2026-09-16 11:50:44,903 - INFO - Reading file: BR008_20260906_TRANSACTION.csv
2026-09-16 11:50:44,907 - INFO - Reading file: BR009_20260906_TRANSACTION.csv
2026-09-16 11:50:44,910 - INFO - Reading file: BR010_20260906_TRANSACTION.csv
2026-09-16 11:50:44,912 - INFO - Reading file: unexpected_file.csv
2026-09-16 11:50:44,916 - ERROR - No valid CSV files available for processing
2026-09-16 11:52:54,420 - INFO - Pipeline started
2026-09-16 11:52:54,421 - INFO - CSV file discovery started
2026-09-16 11:52:54,422 - INFO - Reading file: BR001_20260906_TRANSACTION.csv
2026-09-16 11:52:54,424 - INFO - Reading file: BR002_20260906_TRANSACTION.csv
2026-09-16 11:52:54,426 - INFO - Reading file: BR003_20260906_TRANSACTION.csv
2026-09-16 11:52:54,427 - INFO - Reading file: BR004_20260906_TRANSACTION.csv
2026-09-16 11:52:54,429 - INFO - Reading file: BR005_20260906_TRANSACTION.csv
2026-09-16 11:52:54,430 - INFO - Reading file: BR006_20260906_TRANSACTION.csv
2026-09-16 11:52:54,431 - INFO - Reading file: BR007_20260906_TRANSACTION.csv
2026-09-16 11:52:54,432 - INFO - Reading file: BR008_20260906_TRANSACTION.csv
2026-09-16 11:52:54,435 - INFO - Reading file: BR009_20260906_TRANSACTION.csv
2026-09-16 11:52:54,438 - INFO - Reading file: BR010_20260906_TRANSACTION.csv
2026-09-16 11:52:54,440 - INFO - Reading file: unexpected_file.csv
2026-09-16 11:52:54,442 - ERROR - No valid CSV files available for processing
2026-09-16 11:55:49,501 - INFO - Pipeline started
2026-09-16 11:55:49,502 - INFO - CSV file discovery started
2026-09-16 11:55:49,503 - INFO - Reading file: BR001_20260906_TRANSACTION.csv
2026-09-16 11:55:49,507 - INFO - File read successfully: BR001_20260906_TRANSACTION.csv
2026-09-16 11:55:49,508 - INFO - Reading file: BR002_20260906_TRANSACTION.csv
2026-09-16 11:55:49,509 - INFO - File read successfully: BR002_20260906_TRANSACTION.csv
2026-09-16 11:55:49,509 - INFO - Reading file: BR003_20260906_TRANSACTION.csv
2026-09-16 11:55:49,511 - INFO - File read successfully: BR003_20260906_TRANSACTION.csv
2026-09-16 11:55:49,511 - INFO - Reading file: BR004_20260906_TRANSACTION.csv
2026-09-16 11:55:49,512 - INFO - File read successfully: BR004_20260906_TRANSACTION.csv
2026-09-16 11:55:49,512 - INFO - Reading file: BR005_20260906_TRANSACTION.csv
2026-09-16 11:55:49,515 - INFO - File read successfully: BR005_20260906_TRANSACTION.csv
2026-09-16 11:55:49,515 - INFO - Reading file: BR006_20260906_TRANSACTION.csv
2026-09-16 11:55:49,517 - WARNING - Schema rejected: BR006_20260906_TRANSACTION.csv - Missing columns: ['currency']
2026-09-16 11:55:49,517 - INFO - Reading file: BR007_20260906_TRANSACTION.csv
2026-09-16 11:55:49,518 - INFO - File read successfully: BR007_20260906_TRANSACTION.csv
2026-09-16 11:55:49,519 - INFO - Reading file: BR008_20260906_TRANSACTION.csv
2026-09-16 11:55:49,520 - INFO - File read successfully: BR008_20260906_TRANSACTION.csv
2026-09-16 11:55:49,520 - INFO - Reading file: BR009_20260906_TRANSACTION.csv
2026-09-16 11:55:49,521 - INFO - File read successfully: BR009_20260906_TRANSACTION.csv
2026-09-16 11:55:49,521 - INFO - Reading file: BR010_20260906_TRANSACTION.csv
2026-09-16 11:55:49,523 - INFO - File read successfully: BR010_20260906_TRANSACTION.csv
2026-09-16 11:55:49,523 - INFO - Reading file: unexpected_file.csv
2026-09-16 11:55:49,525 - WARNING - Schema rejected: unexpected_file.csv - Missing columns: ['transaction_id', 'account_id', 'transaction_date', 'transaction_type', 'amount', 'currency']
2026-09-16 11:55:49,621 - INFO - Pipeline completed successfully
2026-09-16 12:26:40,463 - INFO - Pipeline started
2026-09-16 12:26:40,463 - INFO - CSV file discovery started
2026-09-16 12:26:40,465 - INFO - File discovered: BR001_20260906_TRANSACTION.csv
2026-09-16 12:26:40,465 - INFO - File discovered: BR002_20260906_TRANSACTION.csv
2026-09-16 12:26:40,465 - INFO - File discovered: BR003_20260906_TRANSACTION.csv
2026-09-16 12:26:40,466 - INFO - File discovered: BR004_20260906_TRANSACTION.csv
2026-09-16 12:26:40,466 - INFO - File discovered: BR005_20260906_TRANSACTION.csv
2026-09-16 12:26:40,466 - INFO - File discovered: BR006_20260906_TRANSACTION.csv
2026-09-16 12:26:40,466 - INFO - File discovered: BR007_20260906_TRANSACTION.csv
2026-09-16 12:26:40,467 - INFO - File discovered: BR008_20260906_TRANSACTION.csv
2026-09-16 12:26:40,467 - INFO - File discovered: BR009_20260906_TRANSACTION.csv
2026-09-16 12:26:40,467 - INFO - File discovered: BR010_20260906_TRANSACTION.csv
2026-09-16 12:26:40,467 - INFO - File discovered: unexpected_file.csv
2026-09-16 12:26:40,468 - INFO - Reading file: BR001_20260906_TRANSACTION.csv
2026-09-16 12:26:40,473 - INFO - File read successfully: BR001_20260906_TRANSACTION.csv
2026-09-16 12:26:40,474 - INFO - Reading file: BR002_20260906_TRANSACTION.csv
2026-09-16 12:26:40,476 - INFO - File read successfully: BR002_20260906_TRANSACTION.csv
2026-09-16 12:26:40,476 - INFO - Reading file: BR003_20260906_TRANSACTION.csv
2026-09-16 12:26:40,479 - INFO - File read successfully: BR003_20260906_TRANSACTION.csv
2026-09-16 12:26:40,480 - INFO - Reading file: BR004_20260906_TRANSACTION.csv
2026-09-16 12:26:40,481 - INFO - File read successfully: BR004_20260906_TRANSACTION.csv
2026-09-16 12:26:40,482 - INFO - Reading file: BR005_20260906_TRANSACTION.csv
2026-09-16 12:26:40,485 - INFO - File read successfully: BR005_20260906_TRANSACTION.csv
2026-09-16 12:26:40,485 - INFO - Reading file: BR006_20260906_TRANSACTION.csv
2026-09-16 12:26:40,488 - WARNING - Schema rejected: BR006_20260906_TRANSACTION.csv - Missing columns: ['currency']
2026-09-16 12:26:40,489 - INFO - Reading file: BR007_20260906_TRANSACTION.csv
2026-09-16 12:26:40,492 - INFO - File read successfully: BR007_20260906_TRANSACTION.csv
2026-09-16 12:26:40,492 - INFO - Reading file: BR008_20260906_TRANSACTION.csv
2026-09-16 12:26:40,496 - INFO - File read successfully: BR008_20260906_TRANSACTION.csv
2026-09-16 12:26:40,496 - INFO - Reading file: BR009_20260906_TRANSACTION.csv
2026-09-16 12:26:40,498 - INFO - File read successfully: BR009_20260906_TRANSACTION.csv
2026-09-16 12:26:40,499 - INFO - Reading file: BR010_20260906_TRANSACTION.csv
2026-09-16 12:26:40,502 - INFO - File read successfully: BR010_20260906_TRANSACTION.csv
2026-09-16 12:26:40,503 - INFO - Reading file: unexpected_file.csv
2026-09-16 12:26:40,510 - WARNING - Schema rejected: unexpected_file.csv - Missing columns: ['transaction_id', 'account_id', 'transaction_date', 'transaction_type', 'amount', 'currency']
2026-09-16 12:26:40,765 - INFO - Pipeline completed successfully
2026-09-16 12:39:39,166 - INFO - Pipeline started
2026-09-16 12:39:39,167 - INFO - CSV file discovery started
2026-09-16 12:39:39,168 - INFO - File discovered: BR001_20260906_TRANSACTION.csv
2026-09-16 12:39:39,168 - INFO - File discovered: BR002_20260906_TRANSACTION.csv
2026-09-16 12:39:39,168 - INFO - File discovered: BR003_20260906_TRANSACTION.csv
2026-09-16 12:39:39,169 - INFO - File discovered: BR004_20260906_TRANSACTION.csv
2026-09-16 12:39:39,169 - INFO - File discovered: BR005_20260906_TRANSACTION.csv
2026-09-16 12:39:39,170 - INFO - File discovered: BR006_20260906_TRANSACTION.csv
2026-09-16 12:39:39,170 - INFO - File discovered: BR007_20260906_TRANSACTION.csv
2026-09-16 12:39:39,171 - INFO - File discovered: BR008_20260906_TRANSACTION.csv
2026-09-16 12:39:39,171 - INFO - File discovered: BR009_20260906_TRANSACTION.csv
2026-09-16 12:39:39,172 - INFO - File discovered: BR010_20260906_TRANSACTION.csv
2026-09-16 12:39:39,172 - INFO - File discovered: unexpected_file.csv
2026-09-16 12:39:39,174 - INFO - Reading file: BR001_20260906_TRANSACTION.csv
2026-09-16 12:39:39,180 - INFO - File read successfully: BR001_20260906_TRANSACTION.csv
2026-09-16 12:39:39,180 - INFO - Reading file: BR002_20260906_TRANSACTION.csv
2026-09-16 12:39:39,182 - INFO - File read successfully: BR002_20260906_TRANSACTION.csv
2026-09-16 12:39:39,183 - INFO - Reading file: BR003_20260906_TRANSACTION.csv
2026-09-16 12:39:39,185 - INFO - File read successfully: BR003_20260906_TRANSACTION.csv
2026-09-16 12:39:39,185 - INFO - Reading file: BR004_20260906_TRANSACTION.csv
2026-09-16 12:39:39,187 - INFO - File read successfully: BR004_20260906_TRANSACTION.csv
2026-09-16 12:39:39,187 - INFO - Reading file: BR005_20260906_TRANSACTION.csv
2026-09-16 12:39:39,190 - WARNING - Empty/header-only file: BR005_20260906_TRANSACTION.csv
2026-09-16 12:39:39,190 - INFO - File read successfully: BR005_20260906_TRANSACTION.csv
2026-09-16 12:39:39,190 - INFO - Reading file: BR006_20260906_TRANSACTION.csv
2026-09-16 12:39:39,193 - WARNING - Schema rejected: BR006_20260906_TRANSACTION.csv - Missing columns: ['currency']
2026-09-16 12:39:39,194 - INFO - Reading file: BR007_20260906_TRANSACTION.csv
2026-09-16 12:39:39,196 - INFO - File read successfully: BR007_20260906_TRANSACTION.csv
2026-09-16 12:39:39,196 - INFO - Reading file: BR008_20260906_TRANSACTION.csv
2026-09-16 12:39:39,197 - INFO - File read successfully: BR008_20260906_TRANSACTION.csv
2026-09-16 12:39:39,197 - INFO - Reading file: BR009_20260906_TRANSACTION.csv
2026-09-16 12:39:39,199 - INFO - File read successfully: BR009_20260906_TRANSACTION.csv
2026-09-16 12:39:39,199 - INFO - Reading file: BR010_20260906_TRANSACTION.csv
2026-09-16 12:39:39,200 - INFO - File read successfully: BR010_20260906_TRANSACTION.csv
2026-09-16 12:39:39,200 - INFO - Reading file: unexpected_file.csv
2026-09-16 12:39:39,202 - WARNING - Schema rejected: unexpected_file.csv - Missing columns: ['transaction_id', 'account_id', 'transaction_date', 'transaction_type', 'amount', 'currency']
2026-09-16 12:39:39,285 - INFO - Valid and invalid output files created
2026-09-16 12:39:39,304 - INFO - Pipeline completed successfully
2026-09-16 13:11:13,659 - INFO - Pipeline started
2026-09-16 13:11:13,659 - INFO - CSV file discovery started
2026-09-16 13:11:13,660 - INFO - File discovered: BR001_20260906_TRANSACTION.csv
2026-09-16 13:11:13,660 - INFO - File discovered: BR002_20260906_TRANSACTION.csv
2026-09-16 13:11:13,660 - INFO - File discovered: BR003_20260906_TRANSACTION.csv
2026-09-16 13:11:13,660 - INFO - File discovered: BR004_20260906_TRANSACTION.csv
2026-09-16 13:11:13,660 - INFO - File discovered: BR005_20260906_TRANSACTION.csv
2026-09-16 13:11:13,660 - INFO - File discovered: BR006_20260906_TRANSACTION.csv
2026-09-16 13:11:13,660 - INFO - File discovered: BR007_20260906_TRANSACTION.csv
2026-09-16 13:11:13,661 - INFO - File discovered: BR008_20260906_TRANSACTION.csv
2026-09-16 13:11:13,661 - INFO - File discovered: BR009_20260906_TRANSACTION.csv
2026-09-16 13:11:13,661 - INFO - File discovered: BR010_20260906_TRANSACTION.csv
2026-09-16 13:11:13,661 - INFO - File discovered: unexpected_file.csv
2026-09-16 13:11:13,661 - INFO - Reading file: BR001_20260906_TRANSACTION.csv
2026-09-16 13:11:13,663 - INFO - File read successfully: BR001_20260906_TRANSACTION.csv
2026-09-16 13:11:13,664 - INFO - Reading file: BR002_20260906_TRANSACTION.csv
2026-09-16 13:11:13,665 - INFO - File read successfully: BR002_20260906_TRANSACTION.csv
2026-09-16 13:11:13,665 - INFO - Reading file: BR003_20260906_TRANSACTION.csv
2026-09-16 13:11:13,666 - INFO - File read successfully: BR003_20260906_TRANSACTION.csv
2026-09-16 13:11:13,666 - INFO - Reading file: BR004_20260906_TRANSACTION.csv
2026-09-16 13:11:13,667 - INFO - File read successfully: BR004_20260906_TRANSACTION.csv
2026-09-16 13:11:13,667 - INFO - Reading file: BR005_20260906_TRANSACTION.csv
2026-09-16 13:11:13,670 - WARNING - Empty/header-only file: BR005_20260906_TRANSACTION.csv
2026-09-16 13:11:13,670 - INFO - File read successfully: BR005_20260906_TRANSACTION.csv
2026-09-16 13:11:13,670 - INFO - Reading file: BR006_20260906_TRANSACTION.csv
2026-09-16 13:11:13,671 - WARNING - Schema rejected: BR006_20260906_TRANSACTION.csv - Missing columns: ['currency']
2026-09-16 13:11:13,671 - INFO - Reading file: BR007_20260906_TRANSACTION.csv
2026-09-16 13:11:13,674 - INFO - File read successfully: BR007_20260906_TRANSACTION.csv
2026-09-16 13:11:13,674 - INFO - Reading file: BR008_20260906_TRANSACTION.csv
2026-09-16 13:11:13,675 - INFO - File read successfully: BR008_20260906_TRANSACTION.csv
2026-09-16 13:11:13,675 - INFO - Reading file: BR009_20260906_TRANSACTION.csv
2026-09-16 13:11:13,677 - INFO - File read successfully: BR009_20260906_TRANSACTION.csv
2026-09-16 13:11:13,677 - INFO - Reading file: BR010_20260906_TRANSACTION.csv
2026-09-16 13:11:13,678 - INFO - File read successfully: BR010_20260906_TRANSACTION.csv
2026-09-16 13:11:13,678 - INFO - Reading file: unexpected_file.csv
2026-09-16 13:11:13,681 - WARNING - Schema rejected: unexpected_file.csv - Missing columns: ['transaction_id', 'account_id', 'transaction_date', 'transaction_type', 'amount', 'currency']
2026-09-16 13:11:13,734 - INFO - Valid and invalid output files created
2026-09-16 13:11:13,755 - INFO - Pipeline completed successfully
2026-09-20 18:56:25,538 - INFO - Pipeline started
2026-09-20 18:56:25,539 - INFO - CSV file discovery started
2026-09-20 18:56:25,540 - INFO - File discovered: BR001_20260906_TRANSACTION.csv
2026-09-20 18:56:25,540 - INFO - File discovered: BR002_20260906_TRANSACTION.csv
2026-09-20 18:56:25,540 - INFO - File discovered: BR003_20260906_TRANSACTION.csv
2026-09-20 18:56:25,541 - INFO - File discovered: BR004_20260906_TRANSACTION.csv
2026-09-20 18:56:25,541 - INFO - File discovered: BR005_20260906_TRANSACTION.csv
2026-09-20 18:56:25,541 - INFO - File discovered: BR006_20260906_TRANSACTION.csv
2026-09-20 18:56:25,541 - INFO - File discovered: BR007_20260906_TRANSACTION.csv
2026-09-20 18:56:25,542 - INFO - File discovered: BR008_20260906_TRANSACTION.csv
2026-09-20 18:56:25,542 - INFO - File discovered: BR009_20260906_TRANSACTION.csv
2026-09-20 18:56:25,542 - INFO - File discovered: BR010_20260906_TRANSACTION.csv
2026-09-20 18:56:25,542 - INFO - File discovered: unexpected_file.csv
2026-09-20 18:56:25,543 - INFO - Reading file: BR001_20260906_TRANSACTION.csv
2026-09-20 18:56:25,554 - INFO - File read successfully: BR001_20260906_TRANSACTION.csv
2026-09-20 18:56:25,554 - INFO - Reading file: BR002_20260906_TRANSACTION.csv
2026-09-20 18:56:25,557 - INFO - File read successfully: BR002_20260906_TRANSACTION.csv
2026-09-20 18:56:25,557 - INFO - Reading file: BR003_20260906_TRANSACTION.csv
2026-09-20 18:56:25,559 - INFO - File read successfully: BR003_20260906_TRANSACTION.csv
2026-09-20 18:56:25,559 - INFO - Reading file: BR004_20260906_TRANSACTION.csv
2026-09-20 18:56:25,561 - INFO - File read successfully: BR004_20260906_TRANSACTION.csv
2026-09-20 18:56:25,562 - INFO - Reading file: BR005_20260906_TRANSACTION.csv
2026-09-20 18:56:25,564 - WARNING - Empty/header-only file: BR005_20260906_TRANSACTION.csv
2026-09-20 18:56:25,565 - INFO - File read successfully: BR005_20260906_TRANSACTION.csv
2026-09-20 18:56:25,565 - INFO - Reading file: BR006_20260906_TRANSACTION.csv
2026-09-20 18:56:25,570 - WARNING - Schema rejected: BR006_20260906_TRANSACTION.csv - Missing columns: ['currency']
2026-09-20 18:56:25,570 - INFO - Reading file: BR007_20260906_TRANSACTION.csv
2026-09-20 18:56:25,574 - INFO - File read successfully: BR007_20260906_TRANSACTION.csv
2026-09-20 18:56:25,575 - INFO - Reading file: BR008_20260906_TRANSACTION.csv
2026-09-20 18:56:25,577 - INFO - File read successfully: BR008_20260906_TRANSACTION.csv
2026-09-20 18:56:25,577 - INFO - Reading file: BR009_20260906_TRANSACTION.csv
2026-09-20 18:56:25,579 - INFO - File read successfully: BR009_20260906_TRANSACTION.csv
2026-09-20 18:56:25,579 - INFO - Reading file: BR010_20260906_TRANSACTION.csv
2026-09-20 18:56:25,582 - INFO - File read successfully: BR010_20260906_TRANSACTION.csv
2026-09-20 18:56:25,583 - INFO - Reading file: unexpected_file.csv
2026-09-20 18:56:25,586 - WARNING - Schema rejected: unexpected_file.csv - Missing columns: ['transaction_id', 'account_id', 'transaction_date', 'transaction_type', 'amount', 'currency']
2026-09-20 18:56:25,643 - INFO - Valid and invalid output files created
2026-09-20 18:56:25,660 - INFO - Pipeline completed successfully
2026-09-28 18:29:31,482 - INFO - Pipeline started
2026-09-28 18:29:31,483 - INFO - CSV file discovery started
2026-09-28 18:29:31,483 - INFO - File discovered: BR001_20260906_TRANSACTION.csv
2026-09-28 18:29:31,483 - INFO - File discovered: BR002_20260906_TRANSACTION.csv
2026-09-28 18:29:31,484 - INFO - File discovered: BR003_20260906_TRANSACTION.csv
2026-09-28 18:29:31,484 - INFO - Reading file: BR001_20260906_TRANSACTION.csv
2026-09-28 18:29:31,492 - INFO - File read successfully: BR001_20260906_TRANSACTION.csv
2026-09-28 18:29:31,492 - INFO - Reading file: BR002_20260906_TRANSACTION.csv
2026-09-28 18:29:31,494 - INFO - File read successfully: BR002_20260906_TRANSACTION.csv
2026-09-28 18:29:31,494 - INFO - Reading file: BR003_20260906_TRANSACTION.csv
2026-09-28 18:29:31,495 - INFO - File read successfully: BR003_20260906_TRANSACTION.csv
2026-09-28 18:29:31,537 - INFO - Valid and invalid output files created
2026-09-28 18:29:31,550 - INFO - Pipeline completed successfully
